[INFO] Scanning for projects...
[INFO] 
[INFO] ----------------------< com.titkul:core-service >-----------------------
[INFO] Building core-service 0.0.1-SNAPSHOT
[INFO]   from pom.xml
[INFO] --------------------------------[ jar ]---------------------------------
[INFO] 
[INFO] >>> spring-boot:3.2.5:run (default-cli) > test-compile @ core-service >>>
[INFO] 
[INFO] --- resources:3.3.1:resources (default-resources) @ core-service ---
[INFO] Copying 2 resources from src\main\resources to target\classes
[INFO] Copying 0 resource from src\main\resources to target\classes
[INFO] 
[INFO] --- compiler:3.11.0:compile (default-compile) @ core-service ---
[INFO] Nothing to compile - all classes are up to date
[INFO] 
[INFO] --- resources:3.3.1:testResources (default-testResources) @ core-service ---
[INFO] skip non existing resourceDirectory E:\LuanVanSTU2026\DuAn\backend\core-service\src\test\resources
[INFO] 
[INFO] --- compiler:3.11.0:testCompile (default-testCompile) @ core-service ---
[INFO] No sources to compile
[INFO] 
[INFO] <<< spring-boot:3.2.5:run (default-cli) < test-compile @ core-service <<<
[INFO] 
[INFO] 
[INFO] --- spring-boot:3.2.5:run (default-cli) @ core-service ---
[INFO] Attaching agents: []

  .   ____          _            __ _ _
 /\\ / ___'_ __ _ _(_)_ __  __ _ \ \ \ \
( ( )\___ | '_ | '_| | '_ \/ _` | \ \ \ \
 \\/  ___)| |_)| | | | | || (_| |  ) ) ) )
  '  |____| .__|_| |_|_| |_\__, | / / / /
 =========|_|==============|___/=/_/_/_/
 :: Spring Boot ::                (v3.2.5)

2026-07-10T23:22:53.383+07:00  INFO 19520 --- [core-service] [           main] com.titkul.lms.CoreServiceApplication    : Starting CoreServiceApplication using Java 21.0.11 with PID 19520 (E:\LuanVanSTU2026\DuAn\backend\core-service\target\classes started by ADMIN in E:\LuanVanSTU2026\DuAn\backend\core-service)
2026-07-10T23:22:53.384+07:00  INFO 19520 --- [core-service] [           main] com.titkul.lms.CoreServiceApplication    : No active profile set, falling back to 1 default profile: "default"
2026-07-10T23:22:53.964+07:00  INFO 19520 --- [core-service] [           main] .s.d.r.c.RepositoryConfigurationDelegate : Bootstrapping Spring Data JPA repositories in DEFAULT mode.
2026-07-10T23:22:54.073+07:00  INFO 19520 --- [core-service] [           main] .s.d.r.c.RepositoryConfigurationDelegate : Finished Spring Data repository scanning in 104 ms. Found 33 JPA repository interfaces.
2026-07-10T23:22:54.506+07:00  INFO 19520 --- [core-service] [           main] o.s.b.w.embedded.tomcat.TomcatWebServer  : Tomcat initialized with port 8080 (http)
2026-07-10T23:22:54.517+07:00  INFO 19520 --- [core-service] [           main] o.apache.catalina.core.StandardService   : Starting service [Tomcat]
2026-07-10T23:22:54.517+07:00  INFO 19520 --- [core-service] [           main] o.apache.catalina.core.StandardEngine    : Starting Servlet engine: [Apache Tomcat/10.1.20]
2026-07-10T23:22:54.565+07:00  INFO 19520 --- [core-service] [           main] o.a.c.c.C.[Tomcat].[localhost].[/]       : Initializing Spring embedded WebApplicationContext
2026-07-10T23:22:54.567+07:00  INFO 19520 --- [core-service] [           main] w.s.c.ServletWebServerApplicationContext : Root WebApplicationContext: initialization completed in 1145 ms
2026-07-10T23:22:54.679+07:00  INFO 19520 --- [core-service] [           main] o.hibernate.jpa.internal.util.LogHelper  : HHH000204: Processing PersistenceUnitInfo [name: default]
2026-07-10T23:22:54.728+07:00  INFO 19520 --- [core-service] [           main] org.hibernate.Version                    : HHH000412: Hibernate ORM core version 6.4.4.Final
2026-07-10T23:22:54.756+07:00  INFO 19520 --- [core-service] [           main] o.h.c.internal.RegionFactoryInitiator    : HHH000026: Second-level cache disabled
2026-07-10T23:22:54.938+07:00  INFO 19520 --- [core-service] [           main] o.s.o.j.p.SpringPersistenceUnitInfo      : No LoadTimeWeaver setup: ignoring JPA class transformer
2026-07-10T23:22:54.960+07:00  INFO 19520 --- [core-service] [           main] com.zaxxer.hikari.HikariDataSource       : HikariPool-1 - Starting...
2026-07-10T23:22:55.083+07:00  INFO 19520 --- [core-service] [           main] com.zaxxer.hikari.pool.HikariPool        : HikariPool-1 - Added connection com.mysql.cj.jdbc.ConnectionImpl@2eb6d34a
2026-07-10T23:22:55.084+07:00  INFO 19520 --- [core-service] [           main] com.zaxxer.hikari.HikariDataSource       : HikariPool-1 - Start completed.
2026-07-10T23:22:55.120+07:00  WARN 19520 --- [core-service] [           main] org.hibernate.orm.deprecation            : HHH90000025: MySQLDialect does not need to be specified explicitly using 'hibernate.dialect' (remove the property setting and it will be selected by default)
2026-07-10T23:22:56.330+07:00  INFO 19520 --- [core-service] [           main] o.h.e.t.j.p.i.JtaPlatformInitiator       : HHH000489: No JTA platform available (set 'hibernate.transaction.jta.platform' to enable JTA platform integration)
2026-07-10T23:22:56.583+07:00  INFO 19520 --- [core-service] [           main] j.LocalContainerEntityManagerFactoryBean : Initialized JPA EntityManagerFactory for persistence unit 'default'
2026-07-10T23:22:57.284+07:00  INFO 19520 --- [core-service] [           main] o.s.d.j.r.query.QueryEnhancerFactory     : Hibernate is in classpath; If applicable, HQL parser will be used.
2026-07-10T23:22:58.265+07:00  WARN 19520 --- [core-service] [           main] JpaBaseConfiguration$JpaWebConfiguration : spring.jpa.open-in-view is enabled by default. Therefore, database queries may be performed during view rendering. Explicitly configure spring.jpa.open-in-view to disable this warning
2026-07-10T23:22:58.533+07:00  INFO 19520 --- [core-service] [           main] o.s.s.web.DefaultSecurityFilterChain     : Will secure any request with [org.springframework.security.web.session.DisableEncodeUrlFilter@21a1790d, org.springframework.security.web.context.request.async.WebAsyncManagerIntegrationFilter@24d6355c, org.springframework.security.web.context.SecurityContextHolderFilter@58a7226e, org.springframework.security.web.header.HeaderWriterFilter@3a9a1adf, org.springframework.web.filter.CorsFilter@69e4e90b, org.springframework.security.web.authentication.logout.LogoutFilter@57927f4f, com.titkul.lms.security.AuthTokenFilter@2b3e2039, org.springframework.security.web.savedrequest.RequestCacheAwareFilter@73c7a727, org.springframework.security.web.servletapi.SecurityContextHolderAwareRequestFilter@7f792c5a, org.springframework.security.web.authentication.AnonymousAuthenticationFilter@5872376d, org.springframework.security.web.session.SessionManagementFilter@1b10963a, org.springframework.security.web.access.ExceptionTranslationFilter@30967756, org.springframework.security.web.access.intercept.AuthorizationFilter@360c25f]
2026-07-10T23:22:58.788+07:00  INFO 19520 --- [core-service] [           main] o.s.b.w.embedded.tomcat.TomcatWebServer  : Tomcat started on port 8080 (http) with context path ''
2026-07-10T23:22:58.794+07:00  INFO 19520 --- [core-service] [           main] com.titkul.lms.CoreServiceApplication    : Started CoreServiceApplication in 5.722 seconds (process running for 6.015)
Hibernate: 
    select
        u1_0.nguoi_dung_id 
    from
        nguoi_dung u1_0 
    where
        u1_0.ten_dang_nhap=? 
    limit
        ?
Hibernate: 
    select
        u1_0.nguoi_dung_id 
    from
        nguoi_dung u1_0 
    where
        u1_0.ten_dang_nhap=? 
    limit
        ?
Hibernate: 
    select
        u1_0.nguoi_dung_id 
    from
        nguoi_dung u1_0 
    where
        u1_0.ten_dang_nhap=? 
    limit
        ?
Hibernate: 
    select
        u1_0.nguoi_dung_id 
    from
        nguoi_dung u1_0 
    where
        u1_0.ten_dang_nhap=? 
    limit
        ?
Hibernate: 
    select
        u1_0.nguoi_dung_id,
        u1_0.ngay_tao,
        u1_0.email,
        u1_0.lan_dang_nhap_cuoi,
        u1_0.mat_khau_hash,
        u1_0.so_dien_thoai,
        u1_0.bat_buoc_doi_mk,
        u1_0.vai_tro,
        u1_0.trang_thai,
        u1_0.ngay_cap_nhat,
        u1_0.ten_dang_nhap 
    from
        nguoi_dung u1_0 
    where
        u1_0.ten_dang_nhap=?
Hibernate: 
    select
        tp1_0.giao_vien_id,
        tp1_0.ngay_sinh,
        tp1_0.bo_mon,
        tp1_0.ho_ten,
        tp1_0.ma_giao_vien,
        tp1_0.nguoi_dung_id 
    from
        ho_so_giao_vien tp1_0 
    left join
        nguoi_dung u1_0 
            on u1_0.nguoi_dung_id=tp1_0.nguoi_dung_id 
    where
        u1_0.nguoi_dung_id=?
Hibernate: 
    select
        count(*) 
    from
        lop_hoc cr1_0
====== SEEDED TEST TEACHER: GV001 / Password123! ======
2026-07-10T23:22:59.014+07:00  INFO 19520 --- [core-service] [nio-8080-exec-1] o.a.c.c.C.[Tomcat].[localhost].[/]       : Initializing Spring DispatcherServlet 'dispatcherServlet'
2026-07-10T23:22:59.014+07:00  INFO 19520 --- [core-service] [nio-8080-exec-1] o.s.web.servlet.DispatcherServlet        : Initializing Servlet 'dispatcherServlet'
2026-07-10T23:22:59.016+07:00  INFO 19520 --- [core-service] [nio-8080-exec-1] o.s.web.servlet.DispatcherServlet        : Completed initialization in 2 ms
Hibernate: 
    select
        u1_0.nguoi_dung_id,
        u1_0.ngay_tao,
        u1_0.email,
        u1_0.lan_dang_nhap_cuoi,
        u1_0.mat_khau_hash,
        u1_0.so_dien_thoai,
        u1_0.bat_buoc_doi_mk,
        u1_0.vai_tro,
        u1_0.trang_thai,
        u1_0.ngay_cap_nhat,
        u1_0.ten_dang_nhap 
    from
        nguoi_dung u1_0 
    where
        u1_0.ten_dang_nhap=?
Hibernate: 
    insert 
    into
        phien_dang_nhap
        (thoi_diem_tao, ten_thiet_bi, het_han, dia_chi_ip, thoi_diem_su_dung_cuoi, refresh_token, da_thu_hoi, nguoi_dung_id) 
    values
        (?, ?, ?, ?, ?, ?, ?, ?)
Hibernate: 
    select
        u1_0.nguoi_dung_id,
        u1_0.ngay_tao,
        u1_0.email,
        u1_0.lan_dang_nhap_cuoi,
        u1_0.mat_khau_hash,
        u1_0.so_dien_thoai,
        u1_0.bat_buoc_doi_mk,
        u1_0.vai_tro,
        u1_0.trang_thai,
        u1_0.ngay_cap_nhat,
        u1_0.ten_dang_nhap 
    from
        nguoi_dung u1_0 
    where
        u1_0.ten_dang_nhap=?
Hibernate: 
    select
        s1_0.bai_nop_id,
        s1_0.bai_tap_id,
        s1_0.file_dinh_kem,
        s1_0.so_lan_lam,
        s1_0.diem_tu_dong,
        s1_0.dang_bai_id,
        s1_0.chi_tiet_bai_lam,
        s1_0.la_nop_tre,
        s1_0.trang_thai,
        s1_0.hoc_sinh_id,
        s1_0.thoi_diem_nop,
        s1_0.noi_dung_text,
        s1_0.xp_nhan_duoc 
    from
        bai_nop s1_0 
    where
        s1_0.bai_nop_id=?
Hibernate: 
    insert 
    into
        goi_y_ai_nhan_xet
        (thoi_diem_goi, du_lieu_dau_vao, trang_thai, bai_nop_id, ket_qua_goi_y) 
    values
        (?, cast(? as json), ?, ?, cast(? as json))
Hibernate: 
    select
        u1_0.nguoi_dung_id,
        u1_0.ngay_tao,
        u1_0.email,
        u1_0.lan_dang_nhap_cuoi,
        u1_0.mat_khau_hash,
        u1_0.so_dien_thoai,
        u1_0.bat_buoc_doi_mk,
        u1_0.vai_tro,
        u1_0.trang_thai,
        u1_0.ngay_cap_nhat,
        u1_0.ten_dang_nhap 
    from
        nguoi_dung u1_0 
    where
        u1_0.ten_dang_nhap=?
Hibernate: 
    select
        s1_0.bai_nop_id,
        s1_0.bai_tap_id,
        s1_0.file_dinh_kem,
        s1_0.so_lan_lam,
        s1_0.diem_tu_dong,
        s1_0.dang_bai_id,
        s1_0.chi_tiet_bai_lam,
        s1_0.la_nop_tre,
        s1_0.trang_thai,
        s1_0.hoc_sinh_id,
        s1_0.thoi_diem_nop,
        s1_0.noi_dung_text,
        s1_0.xp_nhan_duoc 
    from
        bai_nop s1_0 
    where
        s1_0.bai_nop_id=?
Hibernate: 
    insert 
    into
        goi_y_ai_nhan_xet
        (thoi_diem_goi, du_lieu_dau_vao, trang_thai, bai_nop_id, ket_qua_goi_y) 
    values
        (?, cast(? as json), ?, ?, cast(? as json))
Hibernate: 
    select
        u1_0.nguoi_dung_id,
        u1_0.ngay_tao,
        u1_0.email,
        u1_0.lan_dang_nhap_cuoi,
        u1_0.mat_khau_hash,
        u1_0.so_dien_thoai,
        u1_0.bat_buoc_doi_mk,
        u1_0.vai_tro,
        u1_0.trang_thai,
        u1_0.ngay_cap_nhat,
        u1_0.ten_dang_nhap 
    from
        nguoi_dung u1_0 
    where
        u1_0.ten_dang_nhap=?
Hibernate: 
    select
        s1_0.bai_nop_id,
        s1_0.bai_tap_id,
        s1_0.file_dinh_kem,
        s1_0.so_lan_lam,
        s1_0.diem_tu_dong,
        s1_0.dang_bai_id,
        s1_0.chi_tiet_bai_lam,
        s1_0.la_nop_tre,
        s1_0.trang_thai,
        s1_0.hoc_sinh_id,
        s1_0.thoi_diem_nop,
        s1_0.noi_dung_text,
        s1_0.xp_nhan_duoc 
    from
        bai_nop s1_0 
    where
        s1_0.bai_nop_id=?
Hibernate: 
    insert 
    into
        goi_y_ai_nhan_xet
        (thoi_diem_goi, du_lieu_dau_vao, trang_thai, bai_nop_id, ket_qua_goi_y) 
    values
        (?, cast(? as json), ?, ?, cast(? as json))
