[32m[Nest] 16968  - [39m21:13:51 10/07/2026 [32m    LOG[39m [38;5;3m[NestFactory] [39m[32mStarting Nest application...[39m
[32m[Nest] 16968  - [39m21:13:51 10/07/2026 [32m    LOG[39m [38;5;3m[InstanceLoader] [39m[32mConfigHostModule dependencies initialized[39m[38;5;3m +9ms[39m
[32m[Nest] 16968  - [39m21:13:51 10/07/2026 [32m    LOG[39m [38;5;3m[H5pService] [39m[32mH5P Editor và Player đã khởi tạo thành công[39m
[32m[Nest] 16968  - [39m21:13:51 10/07/2026 [32m    LOG[39m [38;5;3m[InstanceLoader] [39m[32mConfigModule dependencies initialized[39m[38;5;3m +1ms[39m
[32m[Nest] 16968  - [39m21:13:51 10/07/2026 [32m    LOG[39m [38;5;3m[InstanceLoader] [39m[32mConfigModule dependencies initialized[39m[38;5;3m +0ms[39m
[32m[Nest] 16968  - [39m21:13:51 10/07/2026 [32m    LOG[39m [38;5;3m[InstanceLoader] [39m[32mJwtModule dependencies initialized[39m[38;5;3m +0ms[39m
[32m[Nest] 16968  - [39m21:13:51 10/07/2026 [32m    LOG[39m [38;5;3m[InstanceLoader] [39m[32mH5pModule dependencies initialized[39m[38;5;3m +0ms[39m
[32m[Nest] 16968  - [39m21:13:51 10/07/2026 [32m    LOG[39m [38;5;3m[InstanceLoader] [39m[32mAppModule dependencies initialized[39m[38;5;3m +0ms[39m
[33m[Nest] 16968  - [39m21:13:51 10/07/2026 [33m   WARN[39m [38;5;3m[LegacyRouteConverter] [39m[33mUnsupported route path: "/api/v1/h5p/api/*". In previous versions, the symbols ?, *, and + were used to denote optional or repeating path parameters. The latest version of "path-to-regexp" now requires the use of named parameters. For example, instead of using a route like /users/* to capture all routes starting with "/users", you should use /users/*path. For more details, refer to the migration guide. Attempting to auto-convert...[39m
[32m[Nest] 16968  - [39m21:13:51 10/07/2026 [32m    LOG[39m [38;5;3m[RoutesResolver] [39m[32mH5pController {/api/v1/h5p/api}:[39m[38;5;3m +1ms[39m
[32m[Nest] 16968  - [39m21:13:51 10/07/2026 [32m    LOG[39m [38;5;3m[RouterExplorer] [39m[32mMapped {/api/v1/h5p/api/content, GET} route[39m[38;5;3m +1ms[39m
[32m[Nest] 16968  - [39m21:13:51 10/07/2026 [32m    LOG[39m [38;5;3m[RouterExplorer] [39m[32mMapped {/api/v1/h5p/api/editor, GET} route[39m[38;5;3m +1ms[39m
[32m[Nest] 16968  - [39m21:13:51 10/07/2026 [32m    LOG[39m [38;5;3m[RouterExplorer] [39m[32mMapped {/api/v1/h5p/api/editor/:contentId, GET} route[39m[38;5;3m +0ms[39m
[32m[Nest] 16968  - [39m21:13:51 10/07/2026 [32m    LOG[39m [38;5;3m[RouterExplorer] [39m[32mMapped {/api/v1/h5p/api/content, POST} route[39m[38;5;3m +0ms[39m
[32m[Nest] 16968  - [39m21:13:51 10/07/2026 [32m    LOG[39m [38;5;3m[RouterExplorer] [39m[32mMapped {/api/v1/h5p/api/content/:contentId, PATCH} route[39m[38;5;3m +0ms[39m
[32m[Nest] 16968  - [39m21:13:51 10/07/2026 [32m    LOG[39m [38;5;3m[RouterExplorer] [39m[32mMapped {/api/v1/h5p/api/content/:contentId, DELETE} route[39m[38;5;3m +1ms[39m
[32m[Nest] 16968  - [39m21:13:51 10/07/2026 [32m    LOG[39m [38;5;3m[RouterExplorer] [39m[32mMapped {/api/v1/h5p/api/play/:contentId, GET} route[39m[38;5;3m +0ms[39m
[32m[Nest] 16968  - [39m21:13:51 10/07/2026 [32m    LOG[39m [38;5;3m[NestApplication] [39m[32mNest application successfully started[39m[38;5;3m +1ms[39m
🚀 H5P Service chạy tại http://localhost:3001/api/v1
📚 H5P core files tại: E:\LuanVanSTU2026\DuAn\backend\h5p-service\h5p-core
